---
source: src/ui.rs
expression: terminal.backend()
---
"                                                  "
"                                                  "
"     ┌Start station─────────────────────────┐     "
"     │Gre|                                  │     "
"     └──────────────────────────────────────┘     "
"     ┌Suggestions───────────────────────────┐     "
"     │  Grenoble (Grenoble)                 │     "
"     │▶ Grenoble UGI                        │     "
"     │  Grenoble-Universites                │     "
"     └──────────────────────────────────────┘     "
"                                                  "
"                                                  "
